// Jest Snapshot v1, https://goo.gl/fbAQLP

exports[`TodayPlan 컴포넌트 렌더링이 올바르게 된다 1`] = `
<View
  style={
    Array [
      Object {
        "alignItems": "center",
        "flexDirection": "row",
        "marginBottom": 6,
        "marginLeft": 0,
        "marginRight": 0,
        "marginTop": 6,
      },
    ]
  }
>
  <View
    style={
      Array [
        Object {
          "overflow": "hidden",
        },
        Array [
          Object {
            "borderRadius": 12,
            "height": 75,
            "marginRight": 6,
            "width": 75,
          },
        ],
      ]
    }
  >
    <FastImageView
      resizeMode="cover"
      source={
        Object {
          "process": [Function],
        }
      }
      style={
        Object {
          "bottom": 0,
          "left": 0,
          "position": "absolute",
          "right": 0,
          "top": 0,
        }
      }
    />
  </View>
  <View
    style={
      Array [
        Object {
          "flexBasis": 0,
          "flexGrow": 1,
          "flexShrink": 1,
        },
      ]
    }
  >
    <Text
      color="primary"
      italic={false}
      size={12}
      style={
        Array [
          Object {
            "color": "#2687ED",
            "fontFamily": "SpoqaHanSansNeo-Bold",
            "fontSize": 12,
            "fontStyle": "normal",
          },
        ]
      }
      weight="bold"
    >
      하체
    </Text>
    <Text
      italic={false}
      numberOfLines={1}
      style={
        Array [
          Object {
            "color": "#000000",
            "fontFamily": "SpoqaHanSansNeo-Regular",
            "fontSize": 16,
            "fontStyle": "normal",
          },
        ]
      }
    >
      바벨 백스쿼트
    </Text>
    <Text
      color="grey3"
      italic={true}
      size={10}
      style={
        Array [
          Object {
            "color": "#86939e",
            "fontFamily": "SpoqaHanSansNeo-Regular",
            "fontSize": 10,
            "fontStyle": "italic",
          },
        ]
      }
    >
      최고 무게: 90kg / 최대 볼륨: 450kg
    </Text>
  </View>
  <View
    style={
      Array [
        Object {
          "flexDirection": "row",
          "marginLeft": "auto",
        },
      ]
    }
  >
    <View
      accessible={true}
      collapsable={false}
      focusable={true}
      nativeID="animatedComponent"
      onClick={[Function]}
      onResponderGrant={[Function]}
      onResponderMove={[Function]}
      onResponderRelease={[Function]}
      onResponderTerminate={[Function]}
      onResponderTerminationRequest={[Function]}
      onStartShouldSetResponder={[Function]}
      style={
        Object {
          "alignItems": "center",
          "backgroundColor": "#2687ED",
          "borderRadius": 17,
          "height": 34,
          "justifyContent": "center",
          "opacity": 1,
          "paddingBottom": 0,
          "paddingLeft": 0,
          "paddingRight": 0,
          "paddingTop": 0,
          "width": 34,
        }
      }
    >
      <Text
        allowFontScaling={false}
        style={
          Array [
            Object {
              "color": "#ffffff",
              "fontSize": 18,
            },
            undefined,
            Object {
              "fontFamily": "Material Icons",
              "fontStyle": "normal",
              "fontWeight": "normal",
            },
            Object {},
          ]
        }
      >
        
      </Text>
    </View>
    <View
      accessible={true}
      collapsable={false}
      focusable={true}
      nativeID="animatedComponent"
      onClick={[Function]}
      onResponderGrant={[Function]}
      onResponderMove={[Function]}
      onResponderRelease={[Function]}
      onResponderTerminate={[Function]}
      onResponderTerminationRequest={[Function]}
      onStartShouldSetResponder={[Function]}
      style={
        Object {
          "alignItems": "center",
          "backgroundColor": "#faad14",
          "borderRadius": 17,
          "height": 34,
          "justifyContent": "center",
          "marginLeft": 6,
          "opacity": 1,
          "paddingBottom": 0,
          "paddingLeft": 0,
          "paddingRight": 0,
          "paddingTop": 0,
          "width": 34,
        }
      }
    >
      <Text
        allowFontScaling={false}
        style={
          Array [
            Object {
              "color": "#ffffff",
              "fontSize": 18,
            },
            undefined,
            Object {
              "fontFamily": "Feather",
              "fontStyle": "normal",
              "fontWeight": "normal",
            },
            Object {},
          ]
        }
        type="feather"
      >
        
      </Text>
    </View>
  </View>
</View>
`;
